[games4mobile.xyz/index.html]
[backblue.gif]
[fade.gif]
[index.html]
[games4mobile.xyz/favicon.ico]
[05apps.us/maxcdn.bootstrapcdn.com/font-awesome/4.7.0/css/font-awesome.min.css]
[05apps.us/netdna.bootstrapcdn.com/bootstrap/3.0.0/css/bootstrap-glyphicons.css]
[games4mobile.xyz/css/app.css]
[games4mobile.xyz/build/panel/app.css]
[05apps.us/ajax.googleapis.com/ajax/libs/jquery/3.3.1/jquery.min.js]
[games4mobile.xyz/img/logoe358e358e358.png]
[05apps.us/i.imgur.com/0Ks3qm0.jpg]
[05apps.us/i.imgur.com/Fortnite345.png]
[games4mobile.xyz/css/framework7.css]
[05apps.us/i.imgur.com/aencyzF.jpg]
[5apps.us/i.imgur.com/Jxx4wkaQ.jpg]
[games4mobile.xyz/index.html]
[games4mobile.xyz/path/to/font-awesome/css/font-awesome.min.html]
[05apps.us/maxcdn.bootstrapcdn.com/font-awesome/4.7.0/css/font-awesome.min.css]
[05apps.us/netdna.bootstrapcdn.com/bootstrap/3.0.0/css/bootstrap-glyphicons.css]
[05apps.us/fonts.googleapis.com/csse092e092.html]
[games4mobile.xyz/build/panel/app.css]
[games4mobile.xyz/css/app.css]
[games4mobile.xyz/css/framework7.css]
[games4mobile.xyz/js/ipscript.js]
